TEST 1 BEGIN
$ python3 -c 'from quiz_6 import * ; Permutation((1, 2))'
Traceback (most recent call last):
  File "<string>", line 1, in <module>
  File "/Users/emartin/Documents/COMP9021/Quizzes/Quiz_6/Submissions/9801382/quiz_6.py", line 38, in __init__
    raise PermutationError('Cannot generate permutation from these arguments')
quiz_6.PermutationError: Cannot generate permutation from these arguments
TEST 1 END

TEST 2 BEGIN
$ python3 -c 'from quiz_6 import * ; Permutation(3, 1, 2, 3)'
Traceback (most recent call last):
  File "<string>", line 1, in <module>
  File "/Users/emartin/Documents/COMP9021/Quizzes/Quiz_6/Submissions/9801382/quiz_6.py", line 38, in __init__
    raise PermutationError('Cannot generate permutation from these arguments')
quiz_6.PermutationError: Cannot generate permutation from these arguments
TEST 2 END

TEST 3 BEGIN
$ python3 -c 'from quiz_6 import * ; Permutation(0, 1, 2, 3, 4, length = 5)'
Traceback (most recent call last):
  File "<string>", line 1, in <module>
  File "/Users/emartin/Documents/COMP9021/Quizzes/Quiz_6/Submissions/9801382/quiz_6.py", line 38, in __init__
    raise PermutationError('Cannot generate permutation from these arguments')
quiz_6.PermutationError: Cannot generate permutation from these arguments
TEST 3 END

TEST 4 BEGIN
$ python3 -c 'from quiz_6 import * ; p = Permutation(1) ; print(p.__repr__())'
Permutation(1)
TEST 4 END

TEST 5 BEGIN
$ python3 -c 'from quiz_6 import * ; p = Permutation(2, 1, 3, 4, 6, 5) ; print(p.__repr__())'
Permutation(2, 1, 3, 4, 6, 5)
TEST 5 END

TEST 6 BEGIN
$ python3 -c 'from quiz_6 import * ; p = Permutation(1) ; print(len(p))'
1
TEST 6 END

TEST 7 BEGIN
$ python3 -c 'from quiz_6 import * ; print(Permutation(length = 7).inverse())'
(1)(2)(3)(4)(5)(6)(7)
TEST 7 END

TEST 8 BEGIN
$ python3 -c 'from quiz_6 import * ; p = Permutation(2, 1, 3, 4, 6, 5) ; print(len(p))'
6
TEST 8 END

TEST 9 BEGIN
$ python3 -c 'from quiz_6 import * ; p = Permutation(2, 1, 3, 4, 6, 5) ; print(p.nb_of_cycles)'
4
TEST 9 END

TEST 10 BEGIN
$ python3 -c 'from quiz_6 import * ; p = Permutation(2, 1, 3, 4, 6, 5) ; print(p)'
(2 1)(3)(4)(6 5)
TEST 10 END

TEST 11 BEGIN
$ python3 -c 'from quiz_6 import * ; p = Permutation(2, 1, 3, 4, 6, 5) ; q = p.inverse() ; print(q)'
(2 1)(3)(4)(6 5)
TEST 11 END

TEST 12 BEGIN
$ python3 -c 'from quiz_6 import * ; p = Permutation(10, 13, 4, 6, 11, 8, 3, 12, 5, 9, 1, 7, 2) ; print(p.nb_of_cycles)'
3
TEST 12 END

TEST 13 BEGIN
$ python3 -c 'from quiz_6 import * ; p = Permutation(10, 13, 4, 6, 11, 8, 3, 12, 5, 9, 1, 7, 2) ; print(p)'
(11 1 10 9 5)(12 7 3 4 6 8)(13 2)
TEST 13 END

TEST 14 BEGIN
$ python3 -c 'from quiz_6 import * ; p = Permutation(10, 13, 4, 6, 11, 8, 3, 12, 5, 9, 1, 7, 2) ; print(p); q = p.inverse() ; print(q.__repr__())'
(11 1 10 9 5)(12 7 3 4 6 8)(13 2)
Permutation(11, 13, 7, 3, 9, 4, 12, 6, 10, 1, 5, 8, 2)
TEST 14 END

TEST 15 BEGIN
$ python3 -c 'from quiz_6 import * ; Permutation(1, 2) * Permutation(2, 1, 3)'
Traceback (most recent call last):
  File "<string>", line 1, in <module>
  File "/Users/emartin/Documents/COMP9021/Quizzes/Quiz_6/Submissions/9801382/quiz_6.py", line 69, in __mul__
    return Permutation(*self._multiply(permutation))
  File "/Users/emartin/Documents/COMP9021/Quizzes/Quiz_6/Submissions/9801382/quiz_6.py", line 78, in _multiply
    raise PermutationError('Cannot compose permutations of different lengths')
quiz_6.PermutationError: Cannot compose permutations of different lengths
TEST 15 END

TEST 16 BEGIN
$ python3 -c 'from quiz_6 import * ; p1 = Permutation(1, 4, 6, 5, 2, 3) ; p2 = Permutation(5, 4, 3, 6, 2, 1) ; p = p1 * p2 ; print(p1.__repr__()) ; print(p2) ; print(p)'
Permutation(1, 4, 6, 5, 2, 3)
(3)(6 1 5 2 4)
(6 3 1 5 4 2)
TEST 16 END

TEST 17 BEGIN
$ python3 -c 'from quiz_6 import * ; p1 = Permutation(11, 16, 3, 6, 12, 2, 18, 10, 13, 8, 15, 1, 9, 19, 4, 5, 14, 17, 7) ; p2 = Permutation(15, 11, 2, 19, 18, 10, 16, 14, 9, 17, 3, 8, 5, 13, 1, 6, 7, 12, 4) ; p = p1 * p2 ; print(p1.__repr__()) ; print(p2.__repr__()) ; print(p)'
Permutation(11, 16, 3, 6, 12, 2, 18, 10, 13, 8, 15, 1, 9, 19, 4, 5, 14, 17, 7)
Permutation(15, 11, 2, 19, 18, 10, 16, 14, 9, 17, 3, 8, 5, 13, 1, 6, 7, 12, 4)
(11 1 3 2 6)(14 4 10)(17 13 9 5 8)(19 16 18 7 12 15)
TEST 17 END

TEST 18 BEGIN
$ python3 -c 'from quiz_6 import * ; p1 = Permutation(21, 2, 4, 15, 11, 5, 24, 23, 7, 6, 18, 13, 3, 8, 9, 14, 17, 10, 12, 20, 1, 19, 22, 16) ; p2 = Permutation(15, 21, 18, 10, 4, 6, 14, 9, 11, 22, 7, 1, 5, 3, 17, 12, 13, 20, 23, 24, 8, 2, 19, 16) ; p1 *= p2 ; print(p1) ; print(p1.__repr__()) ; print(p2.__repr__())'
(14 9)(19 1 8)(24 12 5 7 16 3 10 6 4 17 13 18 22 23 2 21 15 11 20)
Permutation(8, 21, 10, 17, 7, 4, 16, 19, 14, 6, 20, 5, 18, 9, 11, 3, 13, 22, 1, 24, 15, 23, 2, 12)
Permutation(15, 21, 18, 10, 4, 6, 14, 9, 11, 22, 7, 1, 5, 3, 17, 12, 13, 20, 23, 24, 8, 2, 19, 16)
TEST 18 END

TEST 19 BEGIN
$ python3 -c 'from quiz_6 import * ; p1 = Permutation(12, 11, 27, 14, 5, 22, 13, 16, 7, 25, 28, 23, 17, 20, 19, 1, 21, 2, 4, 26, 10, 18, 8, 3, 29, 24, 9, 6, 15) ; p2 = Permutation(10, 18, 14, 11, 29, 1, 7, 17, 6, 2, 26, 20, 16, 9, 21, 3, 8, 22, 28, 19, 4, 13, 23, 12, 5, 15, 25, 24, 27) ; p1 *= p2 ; print(p1) ; print(p1.__repr__()) ; print(p2.__repr__())'
(18)(22)(24 14 19 11)(27 6 13 8 3 25)(28 1 20 15)(29 21 2 26 12 23 17 4 9 7 16 10 5)
Permutation(20, 26, 25, 9, 29, 13, 16, 3, 7, 5, 24, 23, 8, 19, 28, 10, 4, 18, 11, 15, 2, 22, 17, 14, 27, 12, 6, 1, 21)
Permutation(10, 18, 14, 11, 29, 1, 7, 17, 6, 2, 26, 20, 16, 9, 21, 3, 8, 22, 28, 19, 4, 13, 23, 12, 5, 15, 25, 24, 27)
TEST 19 END

TEST 20 BEGIN
$ python3 -c 'from quiz_6 import * ; print(Permutation(22, 16, 2, 4, 26, 21, 7, 13, 17, 33, 30, 29, 20, 24, 25, 15, 9, 14, 1, 5, 11, 19, 18, 27, 28, 10, 8, 23, 31, 34, 12, 6, 3, 32) * Permutation(2, 25, 17, 19, 7, 22, 1, 10, 20, 8, 33, 9, 14, 16, 4, 3, 26, 18, 27, 13, 15, 32, 24, 28, 23, 6, 34, 12, 5, 11, 21, 29, 31, 30).inverse())'
(34 22 4 15 2 14 23 18 13 9 3 1 6 31 28 25 24 19 7 5 17 12 32 26 8 20 29 33 16 21 30 27 10 11)
TEST 20 END

